{"version": "2.1.0", "runs": [{"tool": {"driver": {"name": "dhscanner"}}, "results": [{"ruleId": "dataflow", "message": {"text": "owasp top 10"}, "locations": [{"physicalLocation": {"artifactLocation": {"uri": "backend/src/routes/coreRoutes/corePublicRouter.js"}, "region": {"startLine": 16, "endLine": 24, "startColumn": 12, "endColumn": 7}}}], "codeFlows": [{"threadFlows": [{"locations": [{"location": {"physicalLocation": {"artifactLocation": {"uri": "backend/src/routes/coreRoutes/corePublicRouter.js"}, "region": {"startLine": 8, "endLine": 8, "startColumn": 58, "endColumn": 61}}}}, {"location": {"physicalLocation": {"artifactLocation": {"uri": "backend/src/routes/coreRoutes/corePublicRouter.js"}, "region": {"startLine": 10, "endLine": 10, "startColumn": 42, "endColumn": 52}}}}, {"location": {"physicalLocation": {"artifactLocation": {"uri": "backend/src/routes/coreRoutes/corePublicRouter.js"}, "region": {"startLine": 10, "endLine": 10, "startColumn": 33, "endColumn": 37}}}}, {"location": {"physicalLocation": {"artifactLocation": {"uri": "backend/src/routes/coreRoutes/corePublicRouter.js"}, "region": {"startLine": 15, "endLine": 15, "startColumn": 11, "endColumn": 19}}}}, {"location": {"physicalLocation": {"artifactLocation": {"uri": "backend/src/routes/coreRoutes/corePublicRouter.js"}, "region": {"startLine": 16, "endLine": 24, "startColumn": 12, "endColumn": 7}}}}]}]}]}]}]}