{"version": "2.1.0", "runs": [{"tool": {"driver": {"name": "dhscanner"}}, "results": [{"ruleId": "dataflow", "message": {"text": "owasp top 10"}, "locations": [{"physicalLocation": {"artifactLocation": {"uri": "plugin/httpgetter/html_meta.go"}, "region": {"startLine": 24, "endLine": 24, "startColumn": 19, "endColumn": 35}}}], "codeFlows": [{"threadFlows": [{"locations": [{"location": {"physicalLocation": {"artifactLocation": {"uri": "server/router/api/v1/markdown_service.go"}, "region": {"startLine": 44, "endLine": 44, "startColumn": 57, "endColumn": 64}}}}, {"location": {"physicalLocation": {"artifactLocation": {"uri": "server/router/api/v1/markdown_service.go"}, "region": {"startLine": 45, "endLine": 45, "startColumn": 42, "endColumn": 54}}}}, {"location": {"physicalLocation": {"artifactLocation": {"uri": "plugin/httpgetter/html_meta.go"}, "region": {"startLine": 19, "endLine": 19, "startColumn": 18, "endColumn": 24}}}}, {"location": {"physicalLocation": {"artifactLocation": {"uri": "plugin/httpgetter/html_meta.go"}, "region": {"startLine": 24, "endLine": 24, "startColumn": 19, "endColumn": 35}}}}]}]}]}]}]}